// Jest Snapshot v1, https://goo.gl/fbAQLP

exports[`<FreeLearningPage /> should return phrases page with phrases 1`] = `
<div
  class="sc-kAzzGY cYQrAh"
>
  <div
    class="sc-VigVT cybuwg"
  >
    <img
      alt="menu"
      class="sc-jTzLTM kMqZix"
      data-testid="hamburger"
      src="menu.svg"
    />
    <div
      class="sc-fjdhpX jmFvEE"
      data-testid="title"
    >
      Free Learning
    </div>
    <span
      style="width: 24px;"
    />
  </div>
  <div
    class="sc-chPdSV dwxkbg"
    data-testid="phrases-container"
  >
    <div
      class="sc-bxivhb eRFxNn"
    >
      <div
        class="sc-ifAKCX jJulbc"
      >
        <div
          class="sc-EHOje kGzamQ"
          data-testid="front"
        >
          <div
            class="sc-htoDjs sc-dnqmqq bhPwuV"
          >
            <div
              class="sc-iwsKbI dKyiiK"
              data-testid="name"
            >
              Test phrase
            </div>
          </div>
        </div>
        <div
          class="sc-bZQynM eprqWe"
          data-testid="back"
        >
          <div
            class="sc-htoDjs sc-gZMcBi bSzNzK"
          >
            <div
              class="sc-gqjmRU eJtqmJ"
              data-testid="meaning-0"
            >
              Meaning
            </div>
          </div>
        </div>
      </div>
    </div>
    <div
      class="sc-bxivhb eRFxNn"
    >
      <div
        class="sc-ifAKCX jJulbc"
      >
        <div
          class="sc-EHOje kGzamQ"
          data-testid="front"
        >
          <div
            class="sc-htoDjs sc-dnqmqq bhPwuV"
          >
            <div
              class="sc-iwsKbI dKyiiK"
              data-testid="name"
            >
              Test phrase 2
            </div>
          </div>
        </div>
        <div
          class="sc-bZQynM eprqWe"
          data-testid="back"
        >
          <div
            class="sc-htoDjs sc-gZMcBi bSzNzK"
          >
            <div
              class="sc-gqjmRU bPjfci"
              data-testid="meaning-0"
            >
              Meaning 1
            </div>
            <div
              class="sc-gqjmRU bPjfci"
              data-testid="meaning-1"
            >
              Meaning 2
            </div>
          </div>
        </div>
      </div>
    </div>
  </div>
</div>
`;
